// Jest Snapshot v1, https://goo.gl/fbAQLP

exports[`x should  1`] = `
<svg
  className="g-icon"
>
  <use
    xlinkHref="#wechat"
  />
</svg>
`;
